/cms/8/gastrodax-sitemap/    /;
/cms/12/gastrodax-preisanfrage/    /contacts;
/cms/7/kontakt/  /contacts;
/cms/17/gastrodax-lieferzeiten/    /lieferung;
/cms/17/lieferzeiten/    /lieferung;
/cms/11/gastrodax-zahlungsarten/    /zahlungsarten;
/cms/11/zahlungsarten/    /zahlungsarten;
/cms/1/gastrodax-lieferkosten-und-versandkosten/    /lieferung;
/cms/1/liefer-und-versandkosten/    /lieferung;
/cms/2/gastrodax-datenschutzerklaerung/    /datenschutz;
/cms/2/datenschutzerklaerung/    /datenschutz;
/cms/64/altgeraeteentsorgung/    /altgeraeteentsorgung;
/cms/58/referenzen/    /referenzen;
/cms/59/montage-service/    /montage;
/cms/33/wissenswertes/    /;
/feedback.php    /;
/products_new.php    /;
/cms/50/batterieverordnung/    /batterieverordnung;
/cms/3/gastrodax-agb/    /agb;
/cms/3/unsere-agb/    /agb;
/cms/4/gastrodax-impressum/    /impressum;
/cms/4/impressum/    /impressum;
/cms/20/markenhersteller/   /marken;
/manufacturer/114/acp-menumaster/   /acp-menumaster;
/manufacturer/23/ade/   /ade;
/manufacturer/62/alexandersolia/    /alexandersolia;
/manufacturer/103/aliseo/   /aliseo;
/manufacturer/63/animo/ /animo;
/manufacturer/108/aps-germany/  /aps-germany;
/manufacturer/22/bartscher/ /bartscher;
/manufacturer/122/berner/   /berner;
/manufacturer/59/blanco/    /blanco;
/manufacturer/4/bravilor-bonamat/   /bravilor-bonamat;
/manufacturer/55/brita/ /brita;
/manufacturer/159/cambro/   /cambro;
/manufacturer/57/carrier/   /carrier;
/manufacturer/67/chromonorm/    /chrononorm;
/manufacturer/83/contacto/  /contacto;
/manufacturer/13/convotherm/    /convotherm;
/manufacturer/84/cool/  /nordcap-cool-line;
/manufacturer/58/cool-compact/  /cool-compact;
/manufacturer/74/dynamic/   /dynamic;
/manufacturer/78/e.z.-danclean/ /new-gastroline;
/manufacturer/128/echtermann/   /echtermann;
/manufacturer/99/eku-metallbau/ /eku;
/manufacturer/39/eloma/ /eloma;
/manufacturer/101/etol/ /;
/manufacturer/130/frasco-spiegel/   /frasco;
/manufacturer/19/graef/ /graef;
/manufacturer/37/gram/  /gram;
/manufacturer/43/hagola/    /hagola;
/manufacturer/52/hobart/    /hobart;
/manufacturer/127/hogastra/ /hogastra;
/manufacturer/17/hoshizaki/ /hoshizaki;
/manufacturer/85/hugentobler/   /hugentobler;
/manufacturer/12/hupfer/    /hupfer;
/manufacturer/8/jura/   /jura;
/manufacturer/81/kbs-kaeltetechnik/ /kbs;
/manufacturer/82/kitchenaid/    /geraete/mehrzweck-kuechenmaschinen/marke/bartscher;
/manufacturer/135/knauss/   /knauss;
/manufacturer/11/krefft/    /krefft;
/manufacturer/36/kronen/    /kronen;
/manufacturer/24/liebherr/  /liebherr;
/manufacturer/162/manitowoc/    /manitowoc;
/manufacturer/75/mkn/   /mkn;
/manufacturer/68/moretti/   /kochen/pizzaoefen/marke/nordcap;
/manufacturer/46/multi/ /multi;
/manufacturer/10/mussana/   /mussana;
/manufacturer/87/neumaerker/    /neumärker;
/manufacturer/173/new-gastroline/   /new-gastroline;
/manufacturer/25/nordcap/   /nordcap;
/manufacturer/153/pacojet/  /pacojet;
/manufacturer/16/panasonic/ /panasonic;
/manufacturer/73/picard-und-wielpuetz/  /picard-und-wielputz;
/manufacturer/14/rational/  /rational;
/manufacturer/139/rieber/   /rieber;
/manufacturer/48/robot-coupe/   /robot-coupe;
/manufacturer/47/rotor/ /rotor;
/manufacturer/105/samsung/  /samsung;
/manufacturer/90/santos/    /santos;
/manufacturer/106/saro/ /saro;
/manufacturer/29/scholl/    /scholl;
/manufacturer/147/sea-club/ /sea-club;
/manufacturer/41/seltmann-weiden/   /seltmann-weiden;
/manufacturer/31/sharp/ /sharp;
/manufacturer/72/soehnle-professional/  /soehnle-professional;
/manufacturer/148/solex-bestecke/   /solex;
/manufacturer/35/stoeckel/  /stockel;
/manufacturer/175/sys-vito/ /vito;
/manufacturer/142/tournus-equipement/   /tournus-equipement;
/manufacturer/64/unox/  /unox;
/manufacturer/28/vacumit/   /vacumit;
/manufacturer/54/vaihinger-sanomat/ /vaihinger-sanomat;
/manufacturer/7/wessamat/   /wessamat;
/manufacturer/15/winterhalter/  /winterhalter;
/manufacturer/66/zanussi-professional/  /zanussi-professional;
